// Jest Snapshot v1, https://goo.gl/fbAQLP

exports[`Redux Form Module Initial reducer state 1`] = `
Object {
  "migrated": true,
  "oldData": Object {},
}
`;
